// Jest Snapshot v1, https://goo.gl/fbAQLP

exports[`shouldww  1`] = `3`;
